1
4
40
80
40
40
16
16
1
1
8
12
8
4
4
8
5
5
10
25
8
5
8
9
6
8
8
60
