0: #include <stdio.h>
0: #include <stdio.h>
1: 
1: 
2: #ifdef PNUT_CC
2: #ifdef PNUT_CC
3: typedef int FILE;
3: typedef int FILE;
4: #endif
4: #endif
5: 
5: 
6: int main() {
6: int emit_line(int line, FILE *f) {
7:   FILE *f;
7:   char c;
8:   char c;
8:   putchar(line+ 48);
9:   f = fopen("tests/_all/six-cc-tests/fgetc.c", "r");
9:   putchar(':');
::   while ((c = fgetc(f)) != -1) {
::   putchar(' ');
;:     putchar(c);
;:   while ((c = fgetc(f)) && c != -1 && c != '\n') {
<:   }
<:     putchar(c);
=:   fclose(f);
=:   }
>: 
>:   if (c != -1) {
?:   return 0;
?:     putchar('\n');
@: }
@:   }
A: A:   return c;
